2026-10-06 15:06:51,690 | INFO    | scrapers.base_scraper | [Books to Scrape] Page 1: https://books.toscrape.com/
2026-10-06 15:07:13,312 | INFO    | scrapers.base_scraper | [Books to Scrape] Page 1 yielded 20 records
2026-10-06 15:07:13,312 | INFO    | scrapers.base_scraper | [Books to Scrape] Page 2: https://books.toscrape.com/catalogue/page-2.html
2026-10-06 15:07:31,407 | INFO    | scrapers.base_scraper | [Books to Scrape] Page 2 yielded 20 records
2026-10-06 15:07:31,407 | INFO    | scrapers.base_scraper | [Books to Scrape] Page 3: https://books.toscrape.com/catalogue/page-3.html
2026-10-06 15:07:50,490 | INFO    | scrapers.base_scraper | [Books to Scrape] Page 3 yielded 20 records
2026-10-06 15:07:50,490 | INFO    | scrapers.base_scraper | [Books to Scrape] Page 4: https://books.toscrape.com/catalogue/page-4.html
2026-10-06 15:08:09,079 | INFO    | scrapers.base_scraper | [Books to Scrape] Page 4 yielded 20 records
2026-10-06 15:08:09,079 | INFO    | scrapers.base_scraper | [Books to Scrape] Page 5: https://books.toscrape.com/catalogue/page-5.html
2026-10-06 15:08:27,914 | INFO    | scrapers.base_scraper | [Books to Scrape] Page 5 yielded 20 records
2026-10-06 15:08:27,914 | INFO    | scrapers.base_scraper | [Books to Scrape] Page 6: https://books.toscrape.com/catalogue/page-6.html
2026-10-06 15:08:46,245 | INFO    | scrapers.base_scraper | [Books to Scrape] Page 6 yielded 20 records
2026-10-06 15:08:46,247 | INFO    | scrapers.base_scraper | [Books to Scrape] Page 7: https://books.toscrape.com/catalogue/page-7.html
2026-10-06 15:09:04,598 | INFO    | scrapers.base_scraper | [Books to Scrape] Page 7 yielded 20 records
2026-10-06 15:09:04,598 | INFO    | scrapers.base_scraper | [Books to Scrape] Page 8: https://books.toscrape.com/catalogue/page-8.html
2026-10-06 15:09:22,964 | INFO    | scrapers.base_scraper | [Books to Scrape] Page 8 yielded 20 records
2026-10-06 15:09:22,964 | INFO    | scrapers.base_scraper | [Books to Scrape] Page 9: https://books.toscrape.com/catalogue/page-9.html
2026-10-06 15:09:40,810 | INFO    | scrapers.base_scraper | [Books to Scrape] Page 9 yielded 20 records
2026-10-06 15:09:40,810 | INFO    | scrapers.base_scraper | [Books to Scrape] Page 10: https://books.toscrape.com/catalogue/page-10.html
2026-10-06 15:09:59,684 | INFO    | scrapers.base_scraper | [Books to Scrape] Page 10 yielded 20 records
2026-10-06 15:09:59,684 | INFO    | scrapers.base_scraper | [Books to Scrape] Page 11: https://books.toscrape.com/catalogue/page-11.html
2026-10-06 15:10:18,055 | INFO    | scrapers.base_scraper | [Books to Scrape] Page 11 yielded 20 records
2026-10-06 15:10:18,055 | INFO    | scrapers.base_scraper | [Books to Scrape] Page 12: https://books.toscrape.com/catalogue/page-12.html
2026-10-06 15:10:36,926 | INFO    | scrapers.base_scraper | [Books to Scrape] Page 12 yielded 20 records
2026-10-06 15:10:36,926 | INFO    | scrapers.base_scraper | [Books to Scrape] Page 13: https://books.toscrape.com/catalogue/page-13.html
2026-10-06 15:10:56,296 | INFO    | scrapers.base_scraper | [Books to Scrape] Page 13 yielded 20 records
2026-10-06 15:10:56,296 | INFO    | scrapers.base_scraper | [Books to Scrape] Page 14: https://books.toscrape.com/catalogue/page-14.html
2026-10-06 15:11:14,650 | INFO    | scrapers.base_scraper | [Books to Scrape] Page 14 yielded 20 records
2026-10-06 15:11:14,650 | INFO    | scrapers.base_scraper | [Books to Scrape] Page 15: https://books.toscrape.com/catalogue/page-15.html
2026-10-06 15:11:33,512 | INFO    | scrapers.base_scraper | [Books to Scrape] Page 15 yielded 20 records
2026-10-06 15:11:33,514 | INFO    | scrapers.base_scraper | [Books to Scrape] Page 16: https://books.toscrape.com/catalogue/page-16.html
2026-10-06 15:11:52,152 | INFO    | scrapers.base_scraper | [Books to Scrape] Page 16 yielded 20 records
2026-10-06 15:11:52,155 | INFO    | scrapers.base_scraper | [Books to Scrape] Page 17: https://books.toscrape.com/catalogue/page-17.html
2026-10-06 15:12:10,993 | INFO    | scrapers.base_scraper | [Books to Scrape] Page 17 yielded 20 records
2026-10-06 15:12:10,993 | INFO    | scrapers.base_scraper | [Books to Scrape] Page 18: https://books.toscrape.com/catalogue/page-18.html
2026-10-06 15:12:29,913 | INFO    | scrapers.base_scraper | [Books to Scrape] Page 18 yielded 20 records
2026-10-06 15:12:29,916 | INFO    | scrapers.base_scraper | [Books to Scrape] Page 19: https://books.toscrape.com/catalogue/page-19.html
2026-10-06 15:12:47,322 | INFO    | scrapers.base_scraper | [Books to Scrape] Page 19 yielded 20 records
2026-10-06 15:12:47,322 | INFO    | scrapers.base_scraper | [Books to Scrape] Page 20: https://books.toscrape.com/catalogue/page-20.html
2026-10-06 15:13:05,464 | INFO    | scrapers.base_scraper | [Books to Scrape] Page 20 yielded 20 records
2026-10-06 15:13:05,464 | INFO    | scrapers.base_scraper | [Books to Scrape] Page 21: https://books.toscrape.com/catalogue/page-21.html
2026-10-06 15:13:25,069 | INFO    | scrapers.base_scraper | [Books to Scrape] Page 21 yielded 20 records
2026-10-06 15:13:25,069 | INFO    | scrapers.base_scraper | [Books to Scrape] Page 22: https://books.toscrape.com/catalogue/page-22.html
2026-10-06 15:13:44,188 | INFO    | scrapers.base_scraper | [Books to Scrape] Page 22 yielded 20 records
2026-10-06 15:13:44,190 | INFO    | scrapers.base_scraper | [Books to Scrape] Page 23: https://books.toscrape.com/catalogue/page-23.html
2026-10-06 15:14:02,812 | INFO    | scrapers.base_scraper | [Books to Scrape] Page 23 yielded 20 records
2026-10-06 15:14:02,812 | INFO    | scrapers.base_scraper | [Books to Scrape] Page 24: https://books.toscrape.com/catalogue/page-24.html
2026-10-06 15:14:21,920 | INFO    | scrapers.base_scraper | [Books to Scrape] Page 24 yielded 20 records
2026-10-06 15:14:21,922 | INFO    | scrapers.base_scraper | [Books to Scrape] Page 25: https://books.toscrape.com/catalogue/page-25.html
2026-10-06 15:14:39,548 | INFO    | scrapers.base_scraper | [Books to Scrape] Page 25 yielded 20 records
2026-10-06 15:14:39,548 | INFO    | scrapers.base_scraper | [Books to Scrape] Page 26: https://books.toscrape.com/catalogue/page-26.html
2026-10-06 15:14:59,191 | INFO    | scrapers.base_scraper | [Books to Scrape] Page 26 yielded 20 records
2026-10-06 15:14:59,193 | INFO    | scrapers.base_scraper | [Books to Scrape] Page 27: https://books.toscrape.com/catalogue/page-27.html
2026-10-06 15:15:17,101 | INFO    | scrapers.base_scraper | [Books to Scrape] Page 27 yielded 20 records
2026-10-06 15:15:17,101 | INFO    | scrapers.base_scraper | [Books to Scrape] Page 28: https://books.toscrape.com/catalogue/page-28.html
2026-10-06 15:15:35,278 | INFO    | scrapers.base_scraper | [Books to Scrape] Page 28 yielded 20 records
2026-10-06 15:15:35,278 | INFO    | scrapers.base_scraper | [Books to Scrape] Page 29: https://books.toscrape.com/catalogue/page-29.html
2026-10-06 15:15:54,110 | INFO    | scrapers.base_scraper | [Books to Scrape] Page 29 yielded 20 records
2026-10-06 15:15:54,110 | INFO    | scrapers.base_scraper | [Books to Scrape] Page 30: https://books.toscrape.com/catalogue/page-30.html
2026-10-06 15:16:12,731 | INFO    | scrapers.base_scraper | [Books to Scrape] Page 30 yielded 20 records
2026-10-06 15:16:12,732 | INFO    | scrapers.base_scraper | [Books to Scrape] Page 31: https://books.toscrape.com/catalogue/page-31.html
2026-10-06 15:16:32,062 | INFO    | scrapers.base_scraper | [Books to Scrape] Page 31 yielded 20 records
2026-10-06 15:16:32,063 | INFO    | scrapers.base_scraper | [Books to Scrape] Page 32: https://books.toscrape.com/catalogue/page-32.html
2026-10-06 15:16:51,899 | INFO    | scrapers.base_scraper | [Books to Scrape] Page 32 yielded 20 records
2026-10-06 15:16:51,901 | INFO    | scrapers.base_scraper | [Books to Scrape] Page 33: https://books.toscrape.com/catalogue/page-33.html
2026-10-06 15:17:10,778 | INFO    | scrapers.base_scraper | [Books to Scrape] Page 33 yielded 20 records
2026-10-06 15:17:10,780 | INFO    | scrapers.base_scraper | [Books to Scrape] Page 34: https://books.toscrape.com/catalogue/page-34.html
2026-10-06 15:17:29,743 | INFO    | scrapers.base_scraper | [Books to Scrape] Page 34 yielded 20 records
2026-10-06 15:17:29,745 | INFO    | scrapers.base_scraper | [Books to Scrape] Page 35: https://books.toscrape.com/catalogue/page-35.html
2026-10-06 15:17:48,285 | INFO    | scrapers.base_scraper | [Books to Scrape] Page 35 yielded 20 records
2026-10-06 15:17:48,285 | INFO    | scrapers.base_scraper | [Books to Scrape] Page 36: https://books.toscrape.com/catalogue/page-36.html
2026-10-06 15:18:07,038 | INFO    | scrapers.base_scraper | [Books to Scrape] Page 36 yielded 20 records
2026-10-06 15:18:07,038 | INFO    | scrapers.base_scraper | [Books to Scrape] Page 37: https://books.toscrape.com/catalogue/page-37.html
2026-10-06 15:18:26,215 | INFO    | scrapers.base_scraper | [Books to Scrape] Page 37 yielded 20 records
2026-10-06 15:18:26,217 | INFO    | scrapers.base_scraper | [Books to Scrape] Page 38: https://books.toscrape.com/catalogue/page-38.html
2026-10-06 15:18:44,113 | INFO    | scrapers.base_scraper | [Books to Scrape] Page 38 yielded 20 records
2026-10-06 15:18:44,116 | INFO    | scrapers.base_scraper | [Books to Scrape] Page 39: https://books.toscrape.com/catalogue/page-39.html
2026-10-06 15:19:02,492 | INFO    | scrapers.base_scraper | [Books to Scrape] Page 39 yielded 20 records
2026-10-06 15:19:02,494 | INFO    | scrapers.base_scraper | [Books to Scrape] Page 40: https://books.toscrape.com/catalogue/page-40.html
2026-10-06 15:19:21,383 | INFO    | scrapers.base_scraper | [Books to Scrape] Page 40 yielded 20 records
2026-10-06 15:19:21,385 | INFO    | scrapers.base_scraper | [Books to Scrape] Page 41: https://books.toscrape.com/catalogue/page-41.html
2026-10-06 15:19:40,282 | INFO    | scrapers.base_scraper | [Books to Scrape] Page 41 yielded 20 records
2026-10-06 15:19:40,282 | INFO    | scrapers.base_scraper | [Books to Scrape] Page 42: https://books.toscrape.com/catalogue/page-42.html
2026-10-06 15:19:59,435 | INFO    | scrapers.base_scraper | [Books to Scrape] Page 42 yielded 20 records
2026-10-06 15:19:59,437 | INFO    | scrapers.base_scraper | [Books to Scrape] Page 43: https://books.toscrape.com/catalogue/page-43.html
2026-10-06 15:20:17,592 | INFO    | scrapers.base_scraper | [Books to Scrape] Page 43 yielded 20 records
2026-10-06 15:20:17,592 | INFO    | scrapers.base_scraper | [Books to Scrape] Page 44: https://books.toscrape.com/catalogue/page-44.html
2026-10-06 15:20:35,550 | INFO    | scrapers.base_scraper | [Books to Scrape] Page 44 yielded 20 records
2026-10-06 15:20:35,550 | INFO    | scrapers.base_scraper | [Books to Scrape] Page 45: https://books.toscrape.com/catalogue/page-45.html
2026-10-06 15:20:54,430 | INFO    | scrapers.base_scraper | [Books to Scrape] Page 45 yielded 20 records
2026-10-06 15:20:54,432 | INFO    | scrapers.base_scraper | [Books to Scrape] Page 46: https://books.toscrape.com/catalogue/page-46.html
2026-10-06 15:21:12,623 | INFO    | scrapers.base_scraper | [Books to Scrape] Page 46 yielded 20 records
2026-10-06 15:21:12,625 | INFO    | scrapers.base_scraper | [Books to Scrape] Page 47: https://books.toscrape.com/catalogue/page-47.html
2026-10-06 15:21:32,518 | INFO    | scrapers.base_scraper | [Books to Scrape] Page 47 yielded 20 records
2026-10-06 15:21:32,518 | INFO    | scrapers.base_scraper | [Books to Scrape] Page 48: https://books.toscrape.com/catalogue/page-48.html
2026-10-06 15:21:52,888 | INFO    | scrapers.base_scraper | [Books to Scrape] Page 48 yielded 20 records
2026-10-06 15:21:52,890 | INFO    | scrapers.base_scraper | [Books to Scrape] Page 49: https://books.toscrape.com/catalogue/page-49.html
2026-10-06 15:22:10,027 | INFO    | scrapers.base_scraper | [Books to Scrape] Page 49 yielded 20 records
2026-10-06 15:22:10,029 | INFO    | scrapers.base_scraper | [Books to Scrape] Page 50: https://books.toscrape.com/catalogue/page-50.html
2026-10-06 15:22:29,127 | INFO    | scrapers.base_scraper | [Books to Scrape] Page 50 yielded 20 records
2026-10-06 15:22:29,128 | INFO    | scrapers.base_scraper | [Books to Scrape] Done: 1000 raw records over 50 page(s)
2026-10-06 15:22:29,170 | INFO    | scrapers.base_scraper | [Quotes to Scrape] Page 1: https://quotes.toscrape.com/
2026-10-06 15:22:30,976 | INFO    | scrapers.base_scraper | [Quotes to Scrape] Page 1 yielded 10 records
2026-10-06 15:22:30,976 | INFO    | scrapers.base_scraper | [Quotes to Scrape] Page 2: https://quotes.toscrape.com/page/2/
2026-10-06 15:22:31,981 | INFO    | scrapers.base_scraper | [Quotes to Scrape] Page 2 yielded 10 records
2026-10-06 15:22:31,981 | INFO    | scrapers.base_scraper | [Quotes to Scrape] Page 3: https://quotes.toscrape.com/page/3/
2026-10-06 15:22:32,739 | INFO    | scrapers.base_scraper | [Quotes to Scrape] Page 3 yielded 10 records
2026-10-06 15:22:32,739 | INFO    | scrapers.base_scraper | [Quotes to Scrape] Page 4: https://quotes.toscrape.com/page/4/
2026-10-06 15:22:33,498 | INFO    | scrapers.base_scraper | [Quotes to Scrape] Page 4 yielded 10 records
2026-10-06 15:22:33,498 | INFO    | scrapers.base_scraper | [Quotes to Scrape] Page 5: https://quotes.toscrape.com/page/5/
2026-10-06 15:22:34,254 | INFO    | scrapers.base_scraper | [Quotes to Scrape] Page 5 yielded 10 records
2026-10-06 15:22:34,254 | INFO    | scrapers.base_scraper | [Quotes to Scrape] Page 6: https://quotes.toscrape.com/page/6/
2026-10-06 15:22:35,012 | INFO    | scrapers.base_scraper | [Quotes to Scrape] Page 6 yielded 10 records
2026-10-06 15:22:35,013 | INFO    | scrapers.base_scraper | [Quotes to Scrape] Page 7: https://quotes.toscrape.com/page/7/
2026-10-06 15:22:35,770 | INFO    | scrapers.base_scraper | [Quotes to Scrape] Page 7 yielded 10 records
2026-10-06 15:22:35,770 | INFO    | scrapers.base_scraper | [Quotes to Scrape] Page 8: https://quotes.toscrape.com/page/8/
2026-10-06 15:22:36,542 | INFO    | scrapers.base_scraper | [Quotes to Scrape] Page 8 yielded 10 records
2026-10-06 15:22:36,542 | INFO    | scrapers.base_scraper | [Quotes to Scrape] Page 9: https://quotes.toscrape.com/page/9/
2026-10-06 15:22:37,303 | INFO    | scrapers.base_scraper | [Quotes to Scrape] Page 9 yielded 10 records
2026-10-06 15:22:37,303 | INFO    | scrapers.base_scraper | [Quotes to Scrape] Page 10: https://quotes.toscrape.com/page/10/
2026-10-06 15:22:38,060 | INFO    | scrapers.base_scraper | [Quotes to Scrape] Page 10 yielded 10 records
2026-10-06 15:22:38,060 | INFO    | scrapers.base_scraper | [Quotes to Scrape] Done: 100 raw records over 10 page(s)
2026-10-06 15:22:38,068 | WARNING | pipeline | Duplicate removed: [Books to Scrape] The Star-Touched Queen | https://books.toscrape.com/catalogue/the-star-touched-queen_642/index.html | price=32.3
2026-10-06 15:22:38,102 | INFO    | pipeline | Finished: 1099 final rows (reconciles=True)
